
created graph A
A contains:

created node n1 with cost 10
added node n1 to A
A contains: n1

created node n2 with cost 20
added node n2 to A
A contains: n1 n2

created node n3 with cost 30
added node n3 to A
added edge from n2 to n3 in A
A contains: n1 n2 n3


created node n4 with cost 40
created node n5 with cost 50
added node n4 to A
added node n5 to A
added edge from n4 to n5 in A
A contains: n1 n2 n3 n4 n5