created node n1 with cost 10
created graph A
added node n1 to A
failed to add node n1 to A
created node n2 with cost 5
added node n2 to A
failed to add node n1 to A
A contains: n1 n2